---
source: src/event_factory.rs
expression: "String::from_utf8(test_writer.buffer.lock().unwrap().to_vec()).unwrap()"
---

