---
source: src/span_factory.rs
expression: "String::from_utf8(test_writer.buffer.lock().unwrap().to_vec()).unwrap()"
---
{"level":"ERROR","fields":{"message":"Hello world"},"target":"tracing_dynamic::span_factory::test"}

